julia : Precompiling packages...
At line:1 char:1
+ julia test_phase1_modules.jl > test_output.txt 2>&1; type test_output ...
+ ~~~~~~~~~~~~~~~~~~~~~~~~~~~~~~~~~~~~~~~~~~~~~~~~~~~
    + CategoryInfo          : NotSpecified: (Precompiling packages...:String)  
   [], RemoteException
    + FullyQualifiedErrorId : NativeCommandError
 
Info Given CEGIS was explicitly requested, output will be shown live [0K
[0KERROR: LoadError: UndefVarError: `IOExample` not defined in 
`CEGIS.OracleFactories`
[0KSuggestion: check for spelling errors or missing imports.
[0KHint: a global variable of this name also exists in HerbSpecification.
[0KStacktrace:
[0K  [1] top-level scope
[0K    @ 
C:\Users\rafal\.julia\dev\CEGIS\src\OracleFactories\AbstractFactory.jl:155
[0K  [2] include(mapexpr::Function, mod::Module, _path::String)
[0K    @ Base .\Base.jl:307
[0K  [3] top-level scope
[0K    @ 
C:\Users\rafal\.julia\dev\CEGIS\src\OracleFactories\OracleFactories.jl:15
[0K  [4] include(mapexpr::Function, mod::Module, _path::String)
[0K    @ Base .\Base.jl:307
[0K  [5] top-level scope
[0K    @ C:\Users\rafal\.julia\dev\CEGIS\src\CEGIS.jl:15
[0K  [6] include(mod::Module, _path::String)
[0K    @ Base .\Base.jl:306
[0K  [7] include_package_for_output(pkg::Base.PkgId, input::String, 
depot_path::Vector{String}, dl_load_path::Vector{String}, 
load_path::Vector{String}, concrete_deps::Vector{Pair{Base.PkgId, UInt128}}, 
source::Nothing)
[0K    @ Base .\loading.jl:3024
[0K  [8] top-level scope
[0K    @ stdin:5
[0K  [9] eval(m::Module, e::Any)
[0K    @ Core .\boot.jl:489
[0K [10] include_string(mapexpr::typeof(identity), mod::Module, code::String, 
filename::String)
[0K    @ Base .\loading.jl:2870
[0K [11] include_string
[0K    @ .\loading.jl:2880 [inlined]
[0K [12] exec_options(opts::Base.JLOptions)
[0K    @ Base .\client.jl:315
[0K [13] _start()
[0K    @ Base .\client.jl:550
[0Kin expression starting at 
C:\Users\rafal\.julia\dev\CEGIS\src\OracleFactories\AbstractFactory.jl:155
[0Kin expression starting at 
C:\Users\rafal\.julia\dev\CEGIS\src\OracleFactories\OracleFactories.jl:1
[0Kin expression starting at C:\Users\rafal\.julia\dev\CEGIS\src\CEGIS.jl:1
[0Kin expression starting at stdin:5
              Ô£ù CEGIS (serial)
  0 dependencies successfully precompiled in 5 seconds

ERROR: LoadError: The following 1 direct dependency failed to precompile:

CEGIS 

Failed to precompile CEGIS [top-level] to 
"C:\\Users\\rafal\\.julia\\compiled\\v1.12\\jl_A3FC.tmp".
ERROR: LoadError: UndefVarError: `IOExample` not defined in 
`CEGIS.OracleFactories`
Suggestion: check for spelling errors or missing imports.
Hint: a global variable of this name also exists in HerbSpecification.
Stacktrace:
  [1] top-level scope
    @ 
C:\Users\rafal\.julia\dev\CEGIS\src\OracleFactories\AbstractFactory.jl:155
  [2] include(mapexpr::Function, mod::Module, _path::String)
    @ Base .\Base.jl:307
  [3] top-level scope
    @ C:\Users\rafal\.julia\dev\CEGIS\src\OracleFactories\OracleFactories.jl:15
  [4] include(mapexpr::Function, mod::Module, _path::String)
    @ Base .\Base.jl:307
  [5] top-level scope
    @ C:\Users\rafal\.julia\dev\CEGIS\src\CEGIS.jl:15
  [6] include(mod::Module, _path::String)
    @ Base .\Base.jl:306
  [7] include_package_for_output(pkg::Base.PkgId, input::String, 
depot_path::Vector{String}, dl_load_path::Vector{String}, 
load_path::Vector{String}, concrete_deps::Vector{Pair{Base.PkgId, UInt128}}, 
source::Nothing)
    @ Base .\loading.jl:3024
  [8] top-level scope
    @ stdin:5
  [9] eval(m::Module, e::Any)
    @ Core .\boot.jl:489
 [10] include_string(mapexpr::typeof(identity), mod::Module, code::String, 
filename::String)
    @ Base .\loading.jl:2870
 [11] include_string
    @ .\loading.jl:2880 [inlined]
 [12] exec_options(opts::Base.JLOptions)
    @ Base .\client.jl:315
 [13] _start()
    @ Base .\client.jl:550
in expression starting at 
C:\Users\rafal\.julia\dev\CEGIS\src\OracleFactories\AbstractFactory.jl:155
in expression starting at 
C:\Users\rafal\.julia\dev\CEGIS\src\OracleFactories\OracleFactories.jl:1
in expression starting at C:\Users\rafal\.julia\dev\CEGIS\src\CEGIS.jl:1
in expression starting at stdin:
in expression starting at 
C:\Users\rafal\.julia\dev\CEGIS\test_phase1_modules.jl:12
